MO SelectorDigito NULL SelectorDigito.v vlg71/_selector_digito.bin 1334449730
MO Sumador NULL Sumador.v vlg7F/_sumador.bin 1335730019
MO Selectordigito NULL Selectordigito.v vlg11/_selectordigito.bin 1335730019
MO Codificadorsietesegmentos NULL Codificadorsietesegmentos.v vlg12/_codificadorsietesegmentos.bin 1335730019
MO main NULL main.v vlg2D/main.bin 1335730019
MO Codificador NULL Codificador.v vlg13/_codificador.bin 1334449730
MO PruebaReloj NULL PruebaReloj.v vlg0B/_prueba_reloj.bin 1334454995
MO SumadorHexadecimal NULL SumadoHexadecimal.v vlg64/_sumador_hexadecimal.bin 1334678870
MO Selectordisplay NULL Selectordisplay.v vlg77/_selectordisplay.bin 1335730019
